2026-06-16 00:13:40,156 INFO  [io.sma.rea.mes.kafka] (Quarkus Main Thread) [TraceID: ] SRMSG18229: Configured topics for channel 'pedidos-entrada': [pedidos-recebidos]
2026-06-16 00:13:40,168 INFO  [io.sma.rea.mes.kafka] (Quarkus Main Thread) [TraceID: ] SRMSG18214: Key deserializer omitted, using String as default
2026-06-16 00:13:40,333 INFO  [io.sma.rea.mes.kafka] (Quarkus Main Thread) [TraceID: ] SRMSG18229: Configured topics for channel 'pedido-status-in': [pedido-status]
2026-06-16 00:13:40,336 INFO  [io.sma.rea.mes.kafka] (Quarkus Main Thread) [TraceID: ] SRMSG18214: Key deserializer omitted, using String as default
2026-06-16 00:13:40,369 INFO  [io.sma.rea.mes.kafka] (smallrye-kafka-producer-thread-0) [TraceID: ] SRMSG18258: Kafka producer kafka-producer-pedidos-saida, connected to Kafka brokers 'localhost:32811', is configured to write records to 'pedido-status'
2026-06-16 00:13:40,402 INFO  [io.sma.rea.mes.kafka] (smallrye-kafka-consumer-thread-0) [TraceID: ] SRMSG18257: Kafka consumer kafka-consumer-pedidos-entrada, connected to Kafka brokers 'localhost:32811', belongs to the 'quatrov-integrations' consumer group and is configured to poll records from [pedidos-recebidos]
2026-06-16 00:13:40,402 INFO  [io.sma.rea.mes.kafka] (smallrye-kafka-consumer-thread-1) [TraceID: ] SRMSG18257: Kafka consumer kafka-consumer-pedido-status-in, connected to Kafka brokers 'localhost:32811', belongs to the 'quatrov-integrations' consumer group and is configured to poll records from [pedido-status]
2026-06-16 00:13:40,478 INFO  [io.quarkus] (Quarkus Main Thread) [TraceID: ] quatrov-integrations 1.0.0-SNAPSHOT on JVM (powered by Quarkus 3.36.2) started in 8.619s. Listening on: http://localhost:8080
2026-06-16 00:13:40,479 INFO  [io.quarkus] (Quarkus Main Thread) [TraceID: ] Profile dev activated. Live Coding activated.
2026-06-16 00:13:40,480 INFO  [io.quarkus] (Quarkus Main Thread) [TraceID: ] Installed features: [agroal, cdi, compose, hibernate-orm, hibernate-orm-panache, jdbc-h2, kafka-client, mapstruct, messaging, messaging-kafka, narayana-jta, rest, rest-jackson, servlet, smallrye-context-propagation, vertx]
2026-06-16 00:13:40,565 WARN  [org.apa.kaf.cli.NetworkClient] (smallrye-kafka-consumer-thread-0) [TraceID: ] [Consumer clientId=kafka-consumer-pedidos-entrada, groupId=quatrov-integrations] The metadata response from the cluster reported a recoverable issue with correlation id 2 : {pedidos-recebidos=UNKNOWN_TOPIC_OR_PARTITION}
2026-06-16 00:13:40,565 WARN  [org.apa.kaf.cli.NetworkClient] (smallrye-kafka-consumer-thread-1) [TraceID: ] [Consumer clientId=kafka-consumer-pedido-status-in, groupId=quatrov-integrations] The metadata response from the cluster reported a recoverable issue with correlation id 2 : {pedido-status=UNKNOWN_TOPIC_OR_PARTITION}
2026-06-16 00:13:57,932 TRACE [org.hib.orm.jdb.bind] (quarkus-virtual-thread-0) [TraceID: ] binding parameter (1:VARCHAR) <- [c3f80876-1a73-4f9b-bc6b-359f13151043]
2026-06-16 00:13:57,933 TRACE [org.hib.orm.jdb.bind] (quarkus-virtual-thread-0) [TraceID: ] binding parameter (2:VARCHAR) <- [Hambúrguer Artesanal Quatro V]
2026-06-16 00:13:57,933 TRACE [org.hib.orm.jdb.bind] (quarkus-virtual-thread-0) [TraceID: ] binding parameter (3:VARCHAR) <- [RECEBIDO]
2026-06-16 00:13:57,933 TRACE [org.hib.orm.jdb.bind] (quarkus-virtual-thread-0) [TraceID: ] binding parameter (4:NUMERIC) <- [45.90]
2026-06-16 00:13:57,934 TRACE [org.hib.orm.jdb.bind] (quarkus-virtual-thread-0) [TraceID: ] binding parameter (5:VARCHAR) <- [8de1182e-39a0-4b12-b149-d7015f257cfd]
2026-06-16 00:13:59,002 INFO  [io.sma.rea.mes.kafka] (vert.x-eventloop-thread-4) [TraceID: ] SRMSG18256: Initialize record store for topic-partition 'pedido-status-0' at position -1.
2026-06-16 00:13:59,009 INFO  [org.spa.stu.qua.int.mes.inb.PedidoStatusConsumer] (vert.x-worker-thread-1) [TraceID: asnc-1a31] 🎰 [KAFKA AUDIT] Evento capturado no tópico 'pedido-status' -> ID: 8de1182e-39a0-4b12-b149-d7015f257cfd | Novo Status: RECEBIDO
2026-06-16 00:14:39,805 INFO  [org.spa.stu.qua.int.res.ped.PedidoResource] (executor-thread-5) [TraceID: ] Atualizando status do pedido 8de1182e-39a0-4b12-b149-d7015f257cfd
2026-06-16 00:14:39,816 TRACE [org.hib.orm.jdb.bind] (executor-thread-5) [TraceID: ] binding parameter (1:VARCHAR) <- [8de1182e-39a0-4b12-b149-d7015f257cfd]
2026-06-16 00:14:39,835 TRACE [org.hib.orm.jdb.bind] (executor-thread-5) [TraceID: ] binding parameter (1:VARCHAR) <- [c3f80876-1a73-4f9b-bc6b-359f13151043]
2026-06-16 00:14:39,835 TRACE [org.hib.orm.jdb.bind] (executor-thread-5) [TraceID: ] binding parameter (2:VARCHAR) <- [Hambúrguer Artesanal Quatro V]
2026-06-16 00:14:39,836 TRACE [org.hib.orm.jdb.bind] (executor-thread-5) [TraceID: ] binding parameter (3:VARCHAR) <- [PAGO]
2026-06-16 00:14:39,836 TRACE [org.hib.orm.jdb.bind] (executor-thread-5) [TraceID: ] binding parameter (4:NUMERIC) <- [45.90]
2026-06-16 00:14:39,837 TRACE [org.hib.orm.jdb.bind] (executor-thread-5) [TraceID: ] binding parameter (5:VARCHAR) <- [8de1182e-39a0-4b12-b149-d7015f257cfd]
2026-06-16 00:14:39,851 INFO  [org.spa.stu.qua.int.mes.inb.PedidoStatusConsumer] (vert.x-worker-thread-1) [TraceID: asnc-3992] 🎰 [KAFKA AUDIT] Evento capturado no tópico 'pedido-status' -> ID: 8de1182e-39a0-4b12-b149-d7015f257cfd | Novo Status: PAGO
